    1    2    9    8   10   14   13   26   13    1   -8   80   81   82    5    2
Completion took 2 ms