   80   81   82   81   82   85
Completion took 2 ms