
-- exception at address 62: trap(3)

Completion took 11 ms