  815  816  817  333    5    2    1    6    2    1    7    2    1    8    2    1    9    2    1
Completion took 2 ms