    5   10    6    7    8    9
Completion took 3 ms