    0    1v   97
    4
    6
    6    6   12   18
  504
Completion took 48 ms